[33mΓ¥»[39m Building...
[32mΓ£ö[39m Building...
Application bundle generation failed. [8.533 seconds] - 2026-03-01T19:52:56.653Z

node.exe : 
[1m[33m[33mΓû▓ [43;3
3m[[43;30mWARNING[43;3
3m][0m [1mNG8113: All 
imports are unused[0m 
[1m[35m[plugin 
angular-compiler][0m
At line:1 char:1
+ & "C:\Program 
Files\nodejs/node.exe" 
"C:\Program 
Files\nodejs/node_mo ...
+ ~~~~~~~~~~~~~~~~~~~~~~
~~~~~~~~~~~~~~~~~~~~~~~~
~~~~~~~~~~~~~~~~~~~~~~~
    + CategoryInfo      
        : NotSpecified  
  : ([1m[33m[33mΓ.   
 ..r-compiler][0m:S    
tring) [], RemoteEx    
ception
    + FullyQualifiedErr 
   orId : NativeComman  
  dError
 

    src/app/features/adm
in/analytics/analytics.c
omponent.ts:11:2:
[37m      11 Γöé   
[32mimports[37m: 
[CardComponent],
         Γò╡   
[32m~~~~~~~[0m


[33mΓû▓ [43;33m[[43;3
0mWARNING[43;33m][0m 
[1mNG8107: NG8107: The 
left side of this 
optional chain 
operation does not 
include 'null' or 
'undefined' in its 
type, therefore the 
'?.' operator can be 
replaced with the '.' 
operator. Find more at h
ttps://v21.angular.dev/e
xtended-diagnostics/NG81
07[0m [1m[35m[plugin 
angular-compiler][0m

    src/app/features/adm
in/plans/plans.component
.html:196:79:
[37m      196 Γöé 
...t-slate-800">${{ p.pr
emiumRule?.[32mbasePric
e[37m | number:'1.2-2' 
}}</p>
          Γò╡           
                        
 [32m~~~~~~~~~[0m

  Warning occurs in the 
template of component 
PlansComponent.

    src/app/features/adm
in/plans/plans.component
.ts:13:15:
[37m      13 Γöé   
templateUrl: [32m'./pla
ns.component.html'[37m,
         Γò╡            
    [32m~~~~~~~~~~~~~~~
~~~~~~~~~[0m


[33mΓû▓ [43;33m[[43;3
0mWARNING[43;33m][0m 
[1mNG8107: NG8107: The 
left side of this 
optional chain 
operation does not 
include 'null' or 
'undefined' in its 
type, therefore the 
'?.' operator can be 
replaced with the '.' 
operator. Find more at h
ttps://v21.angular.dev/e
xtended-diagnostics/NG81
07[0m [1m[35m[plugin 
angular-compiler][0m

    src/app/features/adm
in/plans/plans.component
.html:200:79:
[37m      200 Γöé 
...-slate-800">${{ p.pre
miumRule?.[32mperDayRat
e[37m | number:'1.2-2' 
}}</p>
          Γò╡           
                        
[32m~~~~~~~~~~[0m

  Warning occurs in the 
template of component 
PlansComponent.

    src/app/features/adm
in/plans/plans.component
.ts:13:15:
[37m      13 Γöé   
templateUrl: [32m'./pla
ns.component.html'[37m,
         Γò╡            
    [32m~~~~~~~~~~~~~~~
~~~~~~~~~[0m


[33mΓû▓ [43;33m[[43;3
0mWARNING[43;33m][0m 
[1mNG8113: 
CardComponent is not 
used within the 
template of 
PlansComponent[0m 
[1m[35m[plugin 
angular-compiler][0m

    src/app/features/adm
in/plans/plans.component
.ts:12:47:
[37m      12 Γöé 
...le, 
ReactiveFormsModule, [3
2mCardComponent[37m, 
DecimalPipe, 
SlicePipe,...
         Γò╡            
                 
[32m~~~~~~~~~~~~~[0m


[33mΓû▓ [43;33m[[43;3
0mWARNING[43;33m][0m 
[1mNG8113: 
CardComponent is not 
used within the 
template of UnassignedPo
liciesComponent[0m 
[1m[35m[plugin 
angular-compiler][0m

    src/app/features/adm
in/unassigned-policies/u
nassigned-policies.compo
nent.ts:13:75:
[37m      13 Γöé ..., 
DatePipe, DecimalPipe, 
SlicePipe, 
UpperCasePipe, [32mCard
Component[37m],
         Γò╡            
                        
                   
[32m~~~~~~~~~~~~~[0m


[33mΓû▓ [43;33m[[43;3
0mWARNING[43;33m][0m 
[1mNG8113: All imports 
are unused[0m 
[1m[35m[plugin 
angular-compiler][0m

    src/app/features/adm
in/users/users.component
.ts:10:2:
[37m      10 Γöé   
[32mimports[37m: 
[CardComponent],
         Γò╡   
[32m~~~~~~~[0m


[33mΓû▓ [43;33m[[43;3
0mWARNING[43;33m][0m 
[1mNG8113: 
CardComponent is not 
used within the 
template of AssignedPoli
ciesComponent[0m 
[1m[35m[plugin 
angular-compiler][0m

    src/app/features/age
nt/assigned-policies/ass
igned-policies.component
.ts:11:12:
[37m      11 Γöé   
imports: [[32mCardCompo
nent[37m, DatePipe, 
DecimalPipe, SlicePipe],
         Γò╡            
 [32m~~~~~~~~~~~~~[0m


[33mΓû▓ [43;33m[[43;3
0mWARNING[43;33m][0m 
[1mNG8113: 
CardComponent is not 
used within the 
template of PerformanceC
omponent[0m 
[1m[35m[plugin 
angular-compiler][0m

    src/app/features/age
nt/performance/performan
ce.component.ts:10:12:
[37m      10 Γöé   
imports: [[32mCardCompo
nent[37m, DecimalPipe],
         Γò╡            
 [32m~~~~~~~~~~~~~[0m


[33mΓû▓ [43;33m[[43;3
0mWARNING[43;33m][0m 
[1mNG8113: 
CardComponent is not 
used within the 
template of SoldPolicies
Component[0m 
[1m[35m[plugin 
angular-compiler][0m

    src/app/features/age
nt/sold-policies/sold-po
licies.component.ts:11:1
2:
[37m      11 Γöé   
imports: [[32mCardCompo
nent[37m, DatePipe, 
DecimalPipe, SlicePipe, 
Upper...
         Γò╡            
 [32m~~~~~~~~~~~~~[0m


[33mΓû▓ [43;33m[[43;3
0mWARNING[43;33m][0m 
[1mNG8113: 
CardComponent is not 
used within the 
template of AssignedClai
msComponent[0m 
[1m[35m[plugin 
angular-compiler][0m

    src/app/features/cla
im-officer/assigned-clai
ms/assigned-claims.compo
nent.ts:13:12:
[37m      13 Γöé   
imports: [[32mCardCompo
nent[37m, RouterLink, 
DecimalPipe, SlicePipe],
         Γò╡            
 [32m~~~~~~~~~~~~~[0m


[33mΓû▓ [43;33m[[43;3
0mWARNING[43;33m][0m 
[1mNG8113: 
CardComponent is not 
used within the 
template of ReviewClaimC
omponent[0m 
[1m[35m[plugin 
angular-compiler][0m

    src/app/features/cla
im-officer/review-claim/
review-claim.component.t
s:14:33:
[37m      14 Γöé ...s: 
[ReactiveFormsModule, [
32mCardComponent[37m, 
DecimalPipe, 
SlicePipe,...
         Γò╡            
                 
[32m~~~~~~~~~~~~~[0m


[33mΓû▓ [43;33m[[43;3
0mWARNING[43;33m][0m 
[1mNG8113: 
CardComponent is not 
used within the 
template of ActivePolici
esComponent[0m 
[1m[35m[plugin 
angular-compiler][0m

    src/app/features/cus
tomer/active-policies/ac
tive-policies.component.
ts:12:12:
[37m      12 Γöé   
imports: [[32mCardCompo
nent[37m, RouterLink, 
DatePipe, DecimalPipe],
         Γò╡            
 [32m~~~~~~~~~~~~~[0m


[33mΓû▓ [43;33m[[43;3
0mWARNING[43;33m][0m 
[1mNG8113: 
CardComponent is not 
used within the 
template of BrowsePlansC
omponent[0m 
[1m[35m[plugin 
angular-compiler][0m

    src/app/features/cus
tomer/browse-plans/brows
e-plans.component.ts:13:
33:
[37m      13 Γöé   
imports: 
[ReactiveFormsModule, [
32mCardComponent[37m, 
DecimalPipe],
         Γò╡            
                      
[32m~~~~~~~~~~~~~[0m


[33mΓû▓ [43;33m[[43;3
0mWARNING[43;33m][0m 
[1mNG8113: 
CardComponent is not 
used within the 
template of 
ClaimsComponent[0m 
[1m[35m[plugin 
angular-compiler][0m

    src/app/features/cus
tomer/claims/claims.comp
onent.ts:15:33:
[37m      15 Γöé ...s: 
[ReactiveFormsModule, [
32mCardComponent[37m, 
DatePipe, DecimalPipe, 
...
         Γò╡            
                 
[32m~~~~~~~~~~~~~[0m


[33mΓû▓ [43;33m[[43;3
0mWARNING[43;33m][0m 
[1mNG8113: DatePipe is 
not used within the 
template of 
ClaimsComponent[0m 
[1m[35m[plugin 
angular-compiler][0m

    src/app/features/cus
tomer/claims/claims.comp
onent.ts:15:48:
[37m      15 Γöé 
...FormsModule, 
CardComponent, 
[32mDatePipe[37m, 
DecimalPipe, 
RouterLink, ...
         Γò╡            
                    
[32m~~~~~~~~[0m


[33mΓû▓ [43;33m[[43;3
0mWARNING[43;33m][0m 
[1mNG8113: DecimalPipe 
is not used within the 
template of 
ClaimsComponent[0m 
[1m[35m[plugin 
angular-compiler][0m

    src/app/features/cus
tomer/claims/claims.comp
onent.ts:15:58:
[37m      15 Γöé ... 
CardComponent, 
DatePipe, 
[32mDecimalPipe[37m, 
RouterLink, SlicePipe, 
U...
         Γò╡            
                  
[32m~~~~~~~~~~~[0m


[33mΓû▓ [43;33m[[43;3
0mWARNING[43;33m][0m 
[1mNG8113: RouterLink 
is not used within the 
template of 
ClaimsComponent[0m 
[1m[35m[plugin 
angular-compiler][0m

    src/app/features/cus
tomer/claims/claims.comp
onent.ts:15:71:
[37m      15 Γöé 
...ent, DatePipe, 
DecimalPipe, 
[32mRouterLink[37m, 
SlicePipe, 
UpperCasePipe],
         Γò╡            
                    
[32m~~~~~~~~~~[0m


[33mΓû▓ [43;33m[[43;3
0mWARNING[43;33m][0m 
[1mNG8113: SlicePipe 
is not used within the 
template of 
ClaimsComponent[0m 
[1m[35m[plugin 
angular-compiler][0m

    src/app/features/cus
tomer/claims/claims.comp
onent.ts:15:83:
[37m      15 Γöé 
...ent, DatePipe, 
DecimalPipe, 
RouterLink, 
[32mSlicePipe[37m, 
UpperCasePipe],
         Γò╡            
                        
        
[32m~~~~~~~~~[0m


[33mΓû▓ [43;33m[[43;3
0mWARNING[43;33m][0m 
[1mNG8113: 
UpperCasePipe is not 
used within the 
template of 
ClaimsComponent[0m 
[1m[35m[plugin 
angular-compiler][0m

    src/app/features/cus
tomer/claims/claims.comp
onent.ts:15:94:
[37m      15 Γöé 
...ent, DatePipe, 
DecimalPipe, 
RouterLink, SlicePipe, 
[32mUpperCasePipe[37m],
         Γò╡            
                        
                   
[32m~~~~~~~~~~~~~[0m


[33mΓû▓ [43;33m[[43;3
0mWARNING[43;33m][0m 
[1mNG8113: 
CardComponent is not 
used within the 
template of PaymentPendi
ngComponent[0m 
[1m[35m[plugin 
angular-compiler][0m

    src/app/features/cus
tomer/payment-pending/pa
yment-pending.component.
ts:11:12:
[37m      11 Γöé   
imports: [[32mCardCompo
nent[37m, DatePipe, 
DecimalPipe, SlicePipe],
         Γò╡            
 [32m~~~~~~~~~~~~~[0m

[39m[22m
[1m[31m[31mX [41;31m
[[41;97mERROR[41;31m]
[0m [1mNG5002: 
Unexpected closing tag 
"div". It may happen 
when the tag has 
already been closed by 
another tag. For more 
info see https://www.w3.
org/TR/html5/syntax.html
#closing-elements-that-h
ave-implied-end-tags[0m
 [1m[35m[plugin 
angular-compiler][0m

    src/app/features/cus
tomer/claims/claims.comp
onent.html:225:0:
[37m      225 Γöé 
[32m</div>[37m
          Γò╡ 
[32m~~~~~~[0m

  Error occurs in the 
template of component 
ClaimsComponent.

    src/app/features/cus
tomer/claims/claims.comp
onent.ts:16:15:
[37m      16 Γöé   
templateUrl: [32m'./cla
ims.component.html'[37m
,
         Γò╡            
    [32m~~~~~~~~~~~~~~~
~~~~~~~~~~[0m


[31mX [41;31m[[41;97m
ERROR[41;31m][0m 
[1mNG5002: Unexpected 
closing block. The 
block may have been 
closed earlier. If you 
meant to write the `}` 
character, you should 
use the "&#125;" HTML 
entity instead.[0m 
[1m[35m[plugin 
angular-compiler][0m

    src/app/features/cus
tomer/claims/claims.comp
onent.html:226:0:
[37m      226 Γöé 
[32m}[37m
          Γò╡ [32m^[0m

  Error occurs in the 
template of component 
ClaimsComponent.

    src/app/features/cus
tomer/claims/claims.comp
onent.ts:16:15:
[37m      16 Γöé   
templateUrl: [32m'./cla
ims.component.html'[37m
,
         Γò╡            
    [32m~~~~~~~~~~~~~~~
~~~~~~~~~~[0m


[31mX [41;31m[[41;97m
ERROR[41;31m][0m 
[1mNG5002: Unexpected 
closing block. The 
block may have been 
closed earlier. If you 
meant to write the `}` 
character, you should 
use the "&#125;" HTML 
entity instead.[0m 
[1m[35m[plugin 
angular-compiler][0m

    src/app/features/cus
tomer/claims/claims.comp
onent.html:227:0:
[37m      227 Γöé 
[32m}[37m
          Γò╡ [32m^[0m

  Error occurs in the 
template of component 
ClaimsComponent.

    src/app/features/cus
tomer/claims/claims.comp
onent.ts:16:15:
[37m      16 Γöé   
templateUrl: [32m'./cla
ims.component.html'[37m
,
         Γò╡            
    [32m~~~~~~~~~~~~~~~
~~~~~~~~~~[0m


[31mX [41;31m[[41;97m
ERROR[41;31m][0m 
[1mNG5002: Unexpected 
closing tag "div". It 
may happen when the tag 
has already been closed 
by another tag. For 
more info see https://ww
w.w3.org/TR/html5/syntax
.html#closing-elements-t
hat-have-implied-end-tag
s[0m [1m[35m[plugin 
angular-compiler][0m

    src/app/features/cus
tomer/claims/claims.comp
onent.html:228:0:
[37m      228 Γöé 
[32m</div>[37m
          Γò╡ 
[32m~~~~~~[0m

  Error occurs in the 
template of component 
ClaimsComponent.

    src/app/features/cus
tomer/claims/claims.comp
onent.ts:16:15:
[37m      16 Γöé   
templateUrl: [32m'./cla
ims.component.html'[37m
,
         Γò╡            
    [32m~~~~~~~~~~~~~~~
~~~~~~~~~~[0m

[39m[22m
